Component: ARM Compiler 5.06 update 5 (build 528) Tool: armlink [4d35e2]

==============================================================================

Section Cross References

    main.o(i.main) refers to hw_mcu.o(i.periph_init) for periph_init
    main.o(i.main) refers to hw_mcu.o(i.externalDevice_init) for externalDevice_init
    main.o(i.main) refers to hw_dma.o(i.DMA_Print) for DMA_Print
    main.o(i.main) refers to ws2812.o(i.ws2812_test) for ws2812_test
    main.o(i.main) refers to hw_ssd1306.o(i.SSD1306SetPixelColor) for SSD1306SetPixelColor
    main.o(i.main) refers to hw_dma.o(i.DMA_Fill) for DMA_Fill
    main.o(i.main) refers to hw_mcu.o(i.delay) for delay
    main.o(i.main) refers to main.o(.data) for yPos
    main.o(i.main) refers to hw_ssd1306.o(.data) for font_arial24
    main.o(i.main) refers to hw_dma.o(.data) for BLACK_COLOR
    hw_i2c.o(i.i2c1_reset) refers to hw_mcu.o(i.delay) for delay
    hw_i2c.o(i.i2c1_reset) refers to hw_mcu.o(i.wait_for_event) for wait_for_event
    hw_i2c.o(i.i2c1_reset) refers to hw_i2c.o(i.i2c1_init) for i2c1_init
    hw_i2c.o(i.i2c1_sendAddress) refers to hw_mcu.o(i.wait_for_event) for wait_for_event
    hw_i2c.o(i.i2c1_sendAddress) refers to hw_i2c.o(i.i2c1_reset) for i2c1_reset
    hw_i2c.o(i.i2c1_sendByte) refers to hw_mcu.o(i.wait_for_event) for wait_for_event
    hw_i2c.o(i.i2c1_stop) refers to hw_mcu.o(i.wait_for_event) for wait_for_event
    hw_ssd1306.o(i.SSD1306Fill) refers to hw_i2c.o(i.i2c1_sendAddress) for i2c1_sendAddress
    hw_ssd1306.o(i.SSD1306Fill) refers to hw_ssd1306.o(i.SSD1306SetWindow) for SSD1306SetWindow
    hw_ssd1306.o(i.SSD1306Fill) refers to hw_i2c.o(i.i2c1_sendByte) for i2c1_sendByte
    hw_ssd1306.o(i.SSD1306Fill) refers to hw_i2c.o(i.i2c1_stop) for i2c1_stop
    hw_ssd1306.o(i.SSD1306FillAll) refers to hw_i2c.o(i.i2c1_sendAddress) for i2c1_sendAddress
    hw_ssd1306.o(i.SSD1306FillAll) refers to hw_ssd1306.o(i.SSD1306SetWindow) for SSD1306SetWindow
    hw_ssd1306.o(i.SSD1306FillAll) refers to hw_i2c.o(i.i2c1_sendByte) for i2c1_sendByte
    hw_ssd1306.o(i.SSD1306FillAll) refers to hw_i2c.o(i.i2c1_stop) for i2c1_stop
    hw_ssd1306.o(i.SSD1306Init) refers to rt_memcpy_w.o(.text) for __aeabi_memcpy4
    hw_ssd1306.o(i.SSD1306Init) refers to hw_i2c.o(i.i2c1_sendAddress) for i2c1_sendAddress
    hw_ssd1306.o(i.SSD1306Init) refers to hw_ssd1306.o(i.SSD1306SendCMD) for SSD1306SendCMD
    hw_ssd1306.o(i.SSD1306Init) refers to hw_i2c.o(i.i2c1_stop) for i2c1_stop
    hw_ssd1306.o(i.SSD1306Init) refers to hw_ssd1306.o(i.SSD1306_fonts_setup) for SSD1306_fonts_setup
    hw_ssd1306.o(i.SSD1306Init) refers to hw_ssd1306.o(i.SSD1306FillAll) for SSD1306FillAll
    hw_ssd1306.o(i.SSD1306Init) refers to hw_ssd1306.o(.data) for currentX
    hw_ssd1306.o(i.SSD1306Print) refers to hw_i2c.o(i.i2c1_sendAddress) for i2c1_sendAddress
    hw_ssd1306.o(i.SSD1306Print) refers to hw_ssd1306.o(i.SSD1306SetWindow) for SSD1306SetWindow
    hw_ssd1306.o(i.SSD1306Print) refers to hw_i2c.o(i.i2c1_sendByte) for i2c1_sendByte
    hw_ssd1306.o(i.SSD1306Print) refers to hw_i2c.o(i.i2c1_stop) for i2c1_stop
    hw_ssd1306.o(i.SSD1306Print) refers to hw_ssd1306.o(.data) for currentX
    hw_ssd1306.o(i.SSD1306SendCMD) refers to hw_i2c.o(i.i2c1_sendByte) for i2c1_sendByte
    hw_ssd1306.o(i.SSD1306SetPixelColor) refers to hw_i2c.o(i.i2c1_sendAddress) for i2c1_sendAddress
    hw_ssd1306.o(i.SSD1306SetPixelColor) refers to hw_ssd1306.o(i.SSD1306SetWindow) for SSD1306SetWindow
    hw_ssd1306.o(i.SSD1306SetPixelColor) refers to hw_i2c.o(i.i2c1_sendByte) for i2c1_sendByte
    hw_ssd1306.o(i.SSD1306SetPixelColor) refers to hw_i2c.o(i.i2c1_stop) for i2c1_stop
    hw_ssd1306.o(i.SSD1306SetWindow) refers to hw_ssd1306.o(i.SSD1306SendCMD) for SSD1306SendCMD
    hw_ssd1306.o(i.SSD1306_fonts_setup) refers to fontarial16.o(i.Arial16Init) for Arial16Init
    hw_ssd1306.o(i.SSD1306_fonts_setup) refers to gontarial24.o(i.Arial24Init) for Arial24Init
    hw_ssd1306.o(i.SSD1306_fonts_setup) refers to hw_ssd1306.o(.data) for font_arial16
    hw_mcu.o(i.TIM1_TRG_COM_TIM11_IRQHandler) refers to hw_mcu.o(.data) for timeAfterReset
    hw_mcu.o(i.delay) refers to hw_mcu.o(i.millis) for millis
    hw_mcu.o(i.externalDevice_init) refers to hw_ssd1306.o(i.SSD1306Init) for SSD1306Init
    hw_mcu.o(i.externalDevice_init) refers to hw_dma.o(i.i2c1_DMA_init) for i2c1_DMA_init
    hw_mcu.o(i.externalDevice_init) refers to ws2812.o(i.ws2812_init) for ws2812_init
    hw_mcu.o(i.millis) refers to hw_mcu.o(.data) for timeAfterReset
    hw_mcu.o(i.periph_init) refers to hw_i2c.o(i.i2c1_init) for i2c1_init
    hw_mcu.o(i.system_init) refers to hw_mcu.o(i.RCC_init) for RCC_init
    hw_mcu.o(i.system_init) refers to hw_mcu.o(i.statusLed_init) for statusLed_init
    hw_mcu.o(i.system_init) refers to hw_mcu.o(i.userDelayTimer_init) for userDelayTimer_init
    hw_mcu.o(i.userDelayTimer_init) refers to hw_mcu.o(.data) for timeAfterReset
    hw_mcu.o(i.wait_for_event) refers to hw_mcu.o(i.millis) for millis
    fontarial16.o(i.Arial16Init) refers to fontarial16.o(.bss) for Arial16
    fontarial16.o(i.Arial16Init) refers to fontarial16.o(.constdata) for bitmapsArial16
    gontarial24.o(i.Arial24Init) refers to gontarial24.o(.bss) for Arial24
    gontarial24.o(i.Arial24Init) refers to gontarial24.o(.constdata) for bitmapsArial24
    hw_dma.o(i.DMA1_Stream7_IRQHandler) refers to hw_i2c.o(i.i2c1_stop) for i2c1_stop
    hw_dma.o(i.DMA1_Stream7_IRQHandler) refers to hw_dma.o(i.SSD1306_get_DMA_task) for SSD1306_get_DMA_task
    hw_dma.o(i.DMA1_Stream7_IRQHandler) refers to hw_i2c.o(i.i2c1_sendAddress) for i2c1_sendAddress
    hw_dma.o(i.DMA1_Stream7_IRQHandler) refers to hw_ssd1306.o(i.SSD1306SetWindow) for SSD1306SetWindow
    hw_dma.o(i.DMA1_Stream7_IRQHandler) refers to hw_i2c.o(i.i2c1_sendByte) for i2c1_sendByte
    hw_dma.o(i.DMA1_Stream7_IRQHandler) refers to hw_dma.o(.data) for currentTaskN
    hw_dma.o(i.DMA1_Stream7_IRQHandler) refers to hw_dma.o(.bss) for task_query
    hw_dma.o(i.DMA_Fill) refers to hw_dma.o(i.SSD1306_get_DMA_task) for SSD1306_get_DMA_task
    hw_dma.o(i.DMA_Fill) refers to hw_dma.o(i.__NVIC_SetPendingIRQ) for __NVIC_SetPendingIRQ
    hw_dma.o(i.DMA_Print) refers to hw_dma.o(i.SSD1306_get_DMA_task) for SSD1306_get_DMA_task
    hw_dma.o(i.DMA_Print) refers to strlen.o(.text) for strlen
    hw_dma.o(i.DMA_Print) refers to hw_dma.o(i.__NVIC_SetPendingIRQ) for __NVIC_SetPendingIRQ
    hw_dma.o(i.SSD1306_get_DMA_task) refers to hw_dma.o(.data) for currentTaskN
    hw_dma.o(i.SSD1306_get_DMA_task) refers to hw_dma.o(.bss) for task_query
    hw_dma.o(i.i2c1_DMA_init) refers to hw_dma.o(.data) for currentXPosition
    hw_dma.o(i.i2c1_DMA_init) refers to hw_dma.o(.bss) for task_query
    ws2812.o(i.ws2812_dma_conf) refers to ws2812.o(.bss) for test_mass
    ws2812.o(i.ws2812_init) refers to ws2812.o(i.ws2812_dma_conf) for ws2812_dma_conf
    ws2812.o(i.ws2812_test) refers to ws2812.o(i.ws21812SendData) for ws21812SendData
    startup_stm32f401xc.o(STACK) refers (Special) to heapauxi.o(.text) for __use_two_region_memory
    startup_stm32f401xc.o(HEAP) refers (Special) to heapauxi.o(.text) for __use_two_region_memory
    startup_stm32f401xc.o(RESET) refers (Special) to heapauxi.o(.text) for __use_two_region_memory
    startup_stm32f401xc.o(RESET) refers to startup_stm32f401xc.o(STACK) for __initial_sp
    startup_stm32f401xc.o(RESET) refers to startup_stm32f401xc.o(.text) for Reset_Handler
    startup_stm32f401xc.o(RESET) refers to ws2812.o(i.DMA1_Stream2_IRQHandler) for DMA1_Stream2_IRQHandler
    startup_stm32f401xc.o(RESET) refers to hw_mcu.o(i.TIM1_TRG_COM_TIM11_IRQHandler) for TIM1_TRG_COM_TIM11_IRQHandler
    startup_stm32f401xc.o(RESET) refers to hw_dma.o(i.DMA1_Stream7_IRQHandler) for DMA1_Stream7_IRQHandler
    startup_stm32f401xc.o(.text) refers (Special) to heapauxi.o(.text) for __use_two_region_memory
    startup_stm32f401xc.o(.text) refers to hw_mcu.o(i.system_init) for system_init
    startup_stm32f401xc.o(.text) refers to main.o(i.main) for main
    startup_stm32f401xc.o(.text) refers to startup_stm32f401xc.o(HEAP) for Heap_Mem
    startup_stm32f401xc.o(.text) refers to startup_stm32f401xc.o(STACK) for Stack_Mem
    system_stm32f4xx.o(i.SystemCoreClockUpdate) refers to system_stm32f4xx.o(.data) for SystemCoreClock
    system_stm32f4xx.o(i.SystemCoreClockUpdate) refers to system_stm32f4xx.o(.constdata) for AHBPrescTable
    __main.o(!!!main) refers to __rtentry.o(.ARM.Collect$$rtentry$$00000000) for __rt_entry
    __rtentry.o(.ARM.Collect$$rtentry$$00000000) refers (Special) to __rtentry2.o(.ARM.Collect$$rtentry$$0000000A) for __rt_entry_li
    __rtentry.o(.ARM.Collect$$rtentry$$00000000) refers (Special) to __rtentry2.o(.ARM.Collect$$rtentry$$0000000D) for __rt_entry_main
    __rtentry.o(.ARM.Collect$$rtentry$$00000000) refers (Special) to __rtentry2.o(.ARM.Collect$$rtentry$$0000000C) for __rt_entry_postli_1
    __rtentry.o(.ARM.Collect$$rtentry$$00000000) refers (Special) to __rtentry2.o(.ARM.Collect$$rtentry$$00000009) for __rt_entry_postsh_1
    __rtentry.o(.ARM.Collect$$rtentry$$00000000) refers (Special) to __rtentry2.o(.ARM.Collect$$rtentry$$00000002) for __rt_entry_presh_1
    __rtentry.o(.ARM.Collect$$rtentry$$00000000) refers (Special) to __rtentry4.o(.ARM.Collect$$rtentry$$00000004) for __rt_entry_sh
    __rtentry2.o(.ARM.Collect$$rtentry$$00000008) refers to boardinit2.o(.text) for _platform_post_stackheap_init
    __rtentry2.o(.ARM.Collect$$rtentry$$0000000A) refers to libinit.o(.ARM.Collect$$libinit$$00000000) for __rt_lib_init
    __rtentry2.o(.ARM.Collect$$rtentry$$0000000B) refers to boardinit3.o(.text) for _platform_post_lib_init
    __rtentry2.o(.ARM.Collect$$rtentry$$0000000D) refers to main.o(i.main) for main
    __rtentry2.o(.ARM.Collect$$rtentry$$0000000D) refers to exit.o(.text) for exit
    __rtentry2.o(.ARM.exidx) refers to __rtentry2.o(.ARM.Collect$$rtentry$$00000001) for .ARM.Collect$$rtentry$$00000001
    __rtentry2.o(.ARM.exidx) refers to __rtentry2.o(.ARM.Collect$$rtentry$$00000008) for .ARM.Collect$$rtentry$$00000008
    __rtentry2.o(.ARM.exidx) refers to __rtentry2.o(.ARM.Collect$$rtentry$$0000000A) for .ARM.Collect$$rtentry$$0000000A
    __rtentry2.o(.ARM.exidx) refers to __rtentry2.o(.ARM.Collect$$rtentry$$0000000B) for .ARM.Collect$$rtentry$$0000000B
    __rtentry2.o(.ARM.exidx) refers to __rtentry2.o(.ARM.Collect$$rtentry$$0000000D) for .ARM.Collect$$rtentry$$0000000D
    __rtentry4.o(.ARM.Collect$$rtentry$$00000004) refers to sys_stackheap_outer.o(.text) for __user_setup_stackheap
    __rtentry4.o(.ARM.exidx) refers to __rtentry4.o(.ARM.Collect$$rtentry$$00000004) for .ARM.Collect$$rtentry$$00000004
    sys_stackheap_outer.o(.text) refers to libspace.o(.text) for __user_perproc_libspace
    sys_stackheap_outer.o(.text) refers to startup_stm32f401xc.o(.text) for __user_initial_stackheap
    exit.o(.text) refers to rtexit.o(.ARM.Collect$$rtexit$$00000000) for __rt_exit
    libinit.o(.ARM.Collect$$libinit$$00000000) refers (Special) to libinit2.o(.ARM.Collect$$libinit$$0000002E) for __rt_lib_init_alloca_1
    libinit.o(.ARM.Collect$$libinit$$00000000) refers (Special) to libinit2.o(.ARM.Collect$$libinit$$0000002C) for __rt_lib_init_argv_1
    libinit.o(.ARM.Collect$$libinit$$00000000) refers (Special) to libinit2.o(.ARM.Collect$$libinit$$0000001B) for __rt_lib_init_atexit_1
    libinit.o(.ARM.Collect$$libinit$$00000000) refers (Special) to libinit2.o(.ARM.Collect$$libinit$$00000021) for __rt_lib_init_clock_1
    libinit.o(.ARM.Collect$$libinit$$00000000) refers (Special) to libinit2.o(.ARM.Collect$$libinit$$00000032) for __rt_lib_init_cpp_1
    libinit.o(.ARM.Collect$$libinit$$00000000) refers (Special) to libinit2.o(.ARM.Collect$$libinit$$00000030) for __rt_lib_init_exceptions_1
    libinit.o(.ARM.Collect$$libinit$$00000000) refers (Special) to libinit2.o(.ARM.Collect$$libinit$$00000001) for __rt_lib_init_fp_1
    libinit.o(.ARM.Collect$$libinit$$00000000) refers (Special) to libinit2.o(.ARM.Collect$$libinit$$0000001F) for __rt_lib_init_fp_trap_1
    libinit.o(.ARM.Collect$$libinit$$00000000) refers (Special) to libinit2.o(.ARM.Collect$$libinit$$00000023) for __rt_lib_init_getenv_1
    libinit.o(.ARM.Collect$$libinit$$00000000) refers (Special) to libinit2.o(.ARM.Collect$$libinit$$0000000A) for __rt_lib_init_heap_1
    libinit.o(.ARM.Collect$$libinit$$00000000) refers (Special) to libinit2.o(.ARM.Collect$$libinit$$00000011) for __rt_lib_init_lc_collate_1
    libinit.o(.ARM.Collect$$libinit$$00000000) refers (Special) to libinit2.o(.ARM.Collect$$libinit$$00000013) for __rt_lib_init_lc_ctype_1
    libinit.o(.ARM.Collect$$libinit$$00000000) refers (Special) to libinit2.o(.ARM.Collect$$libinit$$00000015) for __rt_lib_init_lc_monetary_1
    libinit.o(.ARM.Collect$$libinit$$00000000) refers (Special) to libinit2.o(.ARM.Collect$$libinit$$00000017) for __rt_lib_init_lc_numeric_1
    libinit.o(.ARM.Collect$$libinit$$00000000) refers (Special) to libinit2.o(.ARM.Collect$$libinit$$00000019) for __rt_lib_init_lc_time_1
    libinit.o(.ARM.Collect$$libinit$$00000000) refers (Special) to libinit2.o(.ARM.Collect$$libinit$$00000004) for __rt_lib_init_preinit_1
    libinit.o(.ARM.Collect$$libinit$$00000000) refers (Special) to libinit2.o(.ARM.Collect$$libinit$$0000000E) for __rt_lib_init_rand_1
    libinit.o(.ARM.Collect$$libinit$$00000000) refers (Special) to libinit2.o(.ARM.Collect$$libinit$$00000033) for __rt_lib_init_return
    libinit.o(.ARM.Collect$$libinit$$00000000) refers (Special) to libinit2.o(.ARM.Collect$$libinit$$0000001D) for __rt_lib_init_signal_1
    libinit.o(.ARM.Collect$$libinit$$00000000) refers (Special) to libinit2.o(.ARM.Collect$$libinit$$00000025) for __rt_lib_init_stdio_1
    libinit.o(.ARM.Collect$$libinit$$00000000) refers (Special) to libinit2.o(.ARM.Collect$$libinit$$0000000C) for __rt_lib_init_user_alloc_1
    libspace.o(.text) refers to libspace.o(.bss) for __libspace_start
    rtexit.o(.ARM.Collect$$rtexit$$00000000) refers (Special) to rtexit2.o(.ARM.Collect$$rtexit$$00000004) for __rt_exit_exit
    rtexit.o(.ARM.Collect$$rtexit$$00000000) refers (Special) to rtexit2.o(.ARM.Collect$$rtexit$$00000003) for __rt_exit_ls
    rtexit.o(.ARM.Collect$$rtexit$$00000000) refers (Special) to rtexit2.o(.ARM.Collect$$rtexit$$00000002) for __rt_exit_prels_1
    rtexit.o(.ARM.exidx) refers (Special) to rtexit2.o(.ARM.Collect$$rtexit$$00000004) for __rt_exit_exit
    rtexit.o(.ARM.exidx) refers (Special) to rtexit2.o(.ARM.Collect$$rtexit$$00000003) for __rt_exit_ls
    rtexit.o(.ARM.exidx) refers (Special) to rtexit2.o(.ARM.Collect$$rtexit$$00000002) for __rt_exit_prels_1
    rtexit.o(.ARM.exidx) refers to rtexit.o(.ARM.Collect$$rtexit$$00000000) for .ARM.Collect$$rtexit$$00000000
    libinit2.o(.ARM.Collect$$libinit$$00000001) refers to fpinit.o(x$fpl$fpinit) for _fp_init
    libinit2.o(.ARM.Collect$$libinit$$00000010) refers to libinit2.o(.ARM.Collect$$libinit$$0000000F) for .ARM.Collect$$libinit$$0000000F
    libinit2.o(.ARM.Collect$$libinit$$00000012) refers to libinit2.o(.ARM.Collect$$libinit$$0000000F) for .ARM.Collect$$libinit$$0000000F
    libinit2.o(.ARM.Collect$$libinit$$00000014) refers to libinit2.o(.ARM.Collect$$libinit$$0000000F) for .ARM.Collect$$libinit$$0000000F
    libinit2.o(.ARM.Collect$$libinit$$00000016) refers to libinit2.o(.ARM.Collect$$libinit$$0000000F) for .ARM.Collect$$libinit$$0000000F
    libinit2.o(.ARM.Collect$$libinit$$00000018) refers to libinit2.o(.ARM.Collect$$libinit$$0000000F) for .ARM.Collect$$libinit$$0000000F
    libinit2.o(.ARM.Collect$$libinit$$00000026) refers to argv_veneer.o(.emb_text) for __ARM_argv_veneer
    libinit2.o(.ARM.Collect$$libinit$$00000027) refers to argv_veneer.o(.emb_text) for __ARM_argv_veneer
    rtexit2.o(.ARM.Collect$$rtexit$$00000003) refers to libshutdown.o(.ARM.Collect$$libshutdown$$00000000) for __rt_lib_shutdown
    rtexit2.o(.ARM.Collect$$rtexit$$00000004) refers to sys_exit.o(.text) for _sys_exit
    rtexit2.o(.ARM.exidx) refers to rtexit2.o(.ARM.Collect$$rtexit$$00000001) for .ARM.Collect$$rtexit$$00000001
    rtexit2.o(.ARM.exidx) refers to rtexit2.o(.ARM.Collect$$rtexit$$00000003) for .ARM.Collect$$rtexit$$00000003
    rtexit2.o(.ARM.exidx) refers to rtexit2.o(.ARM.Collect$$rtexit$$00000004) for .ARM.Collect$$rtexit$$00000004
    argv_veneer.o(.emb_text) refers to no_argv.o(.text) for __ARM_get_argv
    sys_exit.o(.text) refers (Special) to use_no_semi.o(.text) for __I$use$semihosting
    sys_exit.o(.text) refers (Special) to indicate_semi.o(.text) for __semihosting_library_function
    _get_argv_nomalloc.o(.text) refers (Special) to hrguard.o(.text) for __heap_region$guard
    _get_argv_nomalloc.o(.text) refers to defsig_rtmem_outer.o(.text) for __rt_SIGRTMEM
    _get_argv_nomalloc.o(.text) refers to sys_command.o(.text) for _sys_command_string
    libshutdown.o(.ARM.Collect$$libshutdown$$00000000) refers (Special) to libshutdown2.o(.ARM.Collect$$libshutdown$$00000002) for __rt_lib_shutdown_cpp_1
    libshutdown.o(.ARM.Collect$$libshutdown$$00000000) refers (Special) to libshutdown2.o(.ARM.Collect$$libshutdown$$00000007) for __rt_lib_shutdown_fp_trap_1
    libshutdown.o(.ARM.Collect$$libshutdown$$00000000) refers (Special) to libshutdown2.o(.ARM.Collect$$libshutdown$$0000000F) for __rt_lib_shutdown_heap_1
    libshutdown.o(.ARM.Collect$$libshutdown$$00000000) refers (Special) to libshutdown2.o(.ARM.Collect$$libshutdown$$00000010) for __rt_lib_shutdown_return
    libshutdown.o(.ARM.Collect$$libshutdown$$00000000) refers (Special) to libshutdown2.o(.ARM.Collect$$libshutdown$$0000000A) for __rt_lib_shutdown_signal_1
    libshutdown.o(.ARM.Collect$$libshutdown$$00000000) refers (Special) to libshutdown2.o(.ARM.Collect$$libshutdown$$00000004) for __rt_lib_shutdown_stdio_1
    libshutdown.o(.ARM.Collect$$libshutdown$$00000000) refers (Special) to libshutdown2.o(.ARM.Collect$$libshutdown$$0000000C) for __rt_lib_shutdown_user_alloc_1
    sys_command.o(.text) refers (Special) to use_no_semi.o(.text) for __I$use$semihosting
    sys_command.o(.text) refers (Special) to indicate_semi.o(.text) for __semihosting_library_function
    defsig_rtmem_outer.o(.text) refers to defsig_rtmem_inner.o(.text) for __rt_SIGRTMEM_inner
    defsig_rtmem_outer.o(.text) refers to defsig_exit.o(.text) for __sig_exit
    defsig_rtmem_formal.o(.text) refers to rt_raise.o(.text) for __rt_raise
    rt_raise.o(.text) refers to __raise.o(.text) for __raise
    rt_raise.o(.text) refers to sys_exit.o(.text) for _sys_exit
    defsig_exit.o(.text) refers to sys_exit.o(.text) for _sys_exit
    defsig_rtmem_inner.o(.text) refers to defsig_general.o(.text) for __default_signal_display
    __raise.o(.text) refers to defsig.o(CL$$defsig) for __default_signal_handler
    defsig_general.o(.text) refers to sys_wrch.o(.text) for _ttywrch
    sys_wrch.o(.text) refers (Special) to use_no_semi.o(.text) for __I$use$semihosting
    sys_wrch.o(.text) refers (Special) to indicate_semi.o(.text) for __semihosting_library_function
    defsig.o(CL$$defsig) refers to defsig_rtmem_inner.o(.text) for __rt_SIGRTMEM_inner
    defsig_abrt_inner.o(.text) refers to defsig_general.o(.text) for __default_signal_display
    defsig_fpe_inner.o(.text) refers to defsig_general.o(.text) for __default_signal_display
    defsig_rtred_inner.o(.text) refers to defsig_general.o(.text) for __default_signal_display
    defsig_stak_inner.o(.text) refers to defsig_general.o(.text) for __default_signal_display
    defsig_pvfn_inner.o(.text) refers to defsig_general.o(.text) for __default_signal_display
    defsig_cppl_inner.o(.text) refers to defsig_general.o(.text) for __default_signal_display
    defsig_segv_inner.o(.text) refers to defsig_general.o(.text) for __default_signal_display
    defsig_other.o(.text) refers to defsig_general.o(.text) for __default_signal_display


==============================================================================

Removing Unused input sections from the image.

    Removing main.o(.rev16_text), (4 bytes).
    Removing main.o(.revsh_text), (4 bytes).
    Removing main.o(.rrx_text), (6 bytes).
    Removing hw_i2c.o(.rev16_text), (4 bytes).
    Removing hw_i2c.o(.revsh_text), (4 bytes).
    Removing hw_i2c.o(.rrx_text), (6 bytes).
    Removing hw_ssd1306.o(.rev16_text), (4 bytes).
    Removing hw_ssd1306.o(.revsh_text), (4 bytes).
    Removing hw_ssd1306.o(.rrx_text), (6 bytes).
    Removing hw_ssd1306.o(i.SSD1306Fill), (70 bytes).
    Removing hw_ssd1306.o(i.SSD1306Print), (188 bytes).
    Removing hw_mcu.o(.rev16_text), (4 bytes).
    Removing hw_mcu.o(.revsh_text), (4 bytes).
    Removing hw_mcu.o(.rrx_text), (6 bytes).
    Removing sys_time.o(.rev16_text), (4 bytes).
    Removing sys_time.o(.revsh_text), (4 bytes).
    Removing sys_time.o(.rrx_text), (6 bytes).
    Removing hw_dma.o(.rev16_text), (4 bytes).
    Removing hw_dma.o(.revsh_text), (4 bytes).
    Removing hw_dma.o(.rrx_text), (6 bytes).
    Removing ws2812.o(.rev16_text), (4 bytes).
    Removing ws2812.o(.revsh_text), (4 bytes).
    Removing ws2812.o(.rrx_text), (6 bytes).
    Removing ws2812.o(.data), (1 bytes).
    Removing system_stm32f4xx.o(.rev16_text), (4 bytes).
    Removing system_stm32f4xx.o(.revsh_text), (4 bytes).
    Removing system_stm32f4xx.o(.rrx_text), (6 bytes).
    Removing system_stm32f4xx.o(i.SystemCoreClockUpdate), (192 bytes).
    Removing system_stm32f4xx.o(i.SystemInit), (100 bytes).
    Removing system_stm32f4xx.o(.constdata), (24 bytes).
    Removing system_stm32f4xx.o(.data), (4 bytes).

31 unused section(s) (total 691 bytes) removed from the image.

==============================================================================

Image Symbol Table

    Local Symbols

    Symbol Name                              Value     Ov Type        Size  Object(Section)

    ../clib/angel/boardlib.s                 0x00000000   Number         0  boardinit1.o ABSOLUTE
    ../clib/angel/boardlib.s                 0x00000000   Number         0  boardinit2.o ABSOLUTE
    ../clib/angel/boardlib.s                 0x00000000   Number         0  boardinit3.o ABSOLUTE
    ../clib/angel/boardlib.s                 0x00000000   Number         0  boardshut.o ABSOLUTE
    ../clib/angel/handlers.s                 0x00000000   Number         0  __scatter_copy.o ABSOLUTE
    ../clib/angel/handlers.s                 0x00000000   Number         0  __scatter_zi.o ABSOLUTE
    ../clib/angel/kernel.s                   0x00000000   Number         0  rtexit2.o ABSOLUTE
    ../clib/angel/kernel.s                   0x00000000   Number         0  __rtentry.o ABSOLUTE
    ../clib/angel/kernel.s                   0x00000000   Number         0  rtexit.o ABSOLUTE
    ../clib/angel/kernel.s                   0x00000000   Number         0  __rtentry2.o ABSOLUTE
    ../clib/angel/kernel.s                   0x00000000   Number         0  __rtentry4.o ABSOLUTE
    ../clib/angel/rt.s                       0x00000000   Number         0  rt_raise.o ABSOLUTE
    ../clib/angel/scatter.s                  0x00000000   Number         0  __scatter.o ABSOLUTE
    ../clib/angel/startup.s                  0x00000000   Number         0  __main.o ABSOLUTE
    ../clib/angel/sys.s                      0x00000000   Number         0  indicate_semi.o ABSOLUTE
    ../clib/angel/sys.s                      0x00000000   Number         0  libspace.o ABSOLUTE
    ../clib/angel/sys.s                      0x00000000   Number         0  sys_stackheap_outer.o ABSOLUTE
    ../clib/angel/sys.s                      0x00000000   Number         0  use_no_semi.o ABSOLUTE
    ../clib/angel/sysapp.c                   0x00000000   Number         0  sys_wrch.o ABSOLUTE
    ../clib/angel/sysapp.c                   0x00000000   Number         0  sys_command.o ABSOLUTE
    ../clib/angel/sysapp.c                   0x00000000   Number         0  sys_exit.o ABSOLUTE
    ../clib/armsys.c                         0x00000000   Number         0  argv_veneer.o ABSOLUTE
    ../clib/armsys.c                         0x00000000   Number         0  argv_veneer.o ABSOLUTE
    ../clib/armsys.c                         0x00000000   Number         0  no_argv.o ABSOLUTE
    ../clib/armsys.c                         0x00000000   Number         0  _get_argv_nomalloc.o ABSOLUTE
    ../clib/heapalloc.c                      0x00000000   Number         0  hrguard.o ABSOLUTE
    ../clib/heapaux.c                        0x00000000   Number         0  heapauxi.o ABSOLUTE
    ../clib/libinit.s                        0x00000000   Number         0  libinit.o ABSOLUTE
    ../clib/libinit.s                        0x00000000   Number         0  libshutdown2.o ABSOLUTE
    ../clib/libinit.s                        0x00000000   Number         0  libshutdown.o ABSOLUTE
    ../clib/libinit.s                        0x00000000   Number         0  libinit2.o ABSOLUTE
    ../clib/memcpset.s                       0x00000000   Number         0  rt_memcpy_w.o ABSOLUTE
    ../clib/signal.c                         0x00000000   Number         0  defsig_other.o ABSOLUTE
    ../clib/signal.c                         0x00000000   Number         0  defsig_cppl_inner.o ABSOLUTE
    ../clib/signal.c                         0x00000000   Number         0  defsig_segv_inner.o ABSOLUTE
    ../clib/signal.c                         0x00000000   Number         0  __raise.o ABSOLUTE
    ../clib/signal.c                         0x00000000   Number         0  defsig_rtmem_outer.o ABSOLUTE
    ../clib/signal.c                         0x00000000   Number         0  defsig_rtmem_inner.o ABSOLUTE
    ../clib/signal.c                         0x00000000   Number         0  defsig_exit.o ABSOLUTE
    ../clib/signal.c                         0x00000000   Number         0  defsig_pvfn_inner.o ABSOLUTE
    ../clib/signal.c                         0x00000000   Number         0  defsig_general.o ABSOLUTE
    ../clib/signal.c                         0x00000000   Number         0  defsig_stak_inner.o ABSOLUTE
    ../clib/signal.c                         0x00000000   Number         0  defsig_rtred_inner.o ABSOLUTE
    ../clib/signal.c                         0x00000000   Number         0  defsig_fpe_inner.o ABSOLUTE
    ../clib/signal.c                         0x00000000   Number         0  defsig_abrt_inner.o ABSOLUTE
    ../clib/signal.c                         0x00000000   Number         0  defsig_rtmem_formal.o ABSOLUTE
    ../clib/signal.s                         0x00000000   Number         0  defsig.o ABSOLUTE
    ../clib/stdlib.c                         0x00000000   Number         0  exit.o ABSOLUTE
    ../clib/string.c                         0x00000000   Number         0  strlen.o ABSOLUTE
    ../fplib/fpinit.s                        0x00000000   Number         0  fpinit.o ABSOLUTE
    RTE\Device\STM32F401CCUx\startup_stm32f401xc.s 0x00000000   Number         0  startup_stm32f401xc.o ABSOLUTE
    RTE\Device\STM32F401CCUx\system_stm32f4xx.c 0x00000000   Number         0  system_stm32f4xx.o ABSOLUTE
    RTE\\Device\\STM32F401CCUx\\system_stm32f4xx.c 0x00000000   Number         0  system_stm32f4xx.o ABSOLUTE
    dc.s                                     0x00000000   Number         0  dc.o ABSOLUTE
    fontArial16.c                            0x00000000   Number         0  fontarial16.o ABSOLUTE
    gontArial24.c                            0x00000000   Number         0  gontarial24.o ABSOLUTE
    hw_dma.c                                 0x00000000   Number         0  hw_dma.o ABSOLUTE
    hw_dma.c                                 0x00000000   Number         0  hw_dma.o ABSOLUTE
    hw_i2c.c                                 0x00000000   Number         0  hw_i2c.o ABSOLUTE
    hw_i2c.c                                 0x00000000   Number         0  hw_i2c.o ABSOLUTE
    hw_mcu.c                                 0x00000000   Number         0  hw_mcu.o ABSOLUTE
    hw_mcu.c                                 0x00000000   Number         0  hw_mcu.o ABSOLUTE
    hw_ssd1306.c                             0x00000000   Number         0  hw_ssd1306.o ABSOLUTE
    hw_ssd1306.c                             0x00000000   Number         0  hw_ssd1306.o ABSOLUTE
    main.c                                   0x00000000   Number         0  main.o ABSOLUTE
    main.c                                   0x00000000   Number         0  main.o ABSOLUTE
    sys_time.c                               0x00000000   Number         0  sys_time.o ABSOLUTE
    sys_time.c                               0x00000000   Number         0  sys_time.o ABSOLUTE
    ws2812.c                                 0x00000000   Number         0  ws2812.o ABSOLUTE
    ws2812.c                                 0x00000000   Number         0  ws2812.o ABSOLUTE
    RESET                                    0x08000000   Section      404  startup_stm32f401xc.o(RESET)
    !!!main                                  0x08000194   Section        8  __main.o(!!!main)
    !!!scatter                               0x0800019c   Section       52  __scatter.o(!!!scatter)
    !!handler_copy                           0x080001d0   Section       26  __scatter_copy.o(!!handler_copy)
    !!handler_zi                             0x080001ec   Section       28  __scatter_zi.o(!!handler_zi)
    .ARM.Collect$$libinit$$00000000          0x08000208   Section        2  libinit.o(.ARM.Collect$$libinit$$00000000)
    .ARM.Collect$$libinit$$00000001          0x0800020a   Section        4  libinit2.o(.ARM.Collect$$libinit$$00000001)
    .ARM.Collect$$libinit$$00000004          0x0800020e   Section        0  libinit2.o(.ARM.Collect$$libinit$$00000004)
    .ARM.Collect$$libinit$$0000000A          0x0800020e   Section        0  libinit2.o(.ARM.Collect$$libinit$$0000000A)
    .ARM.Collect$$libinit$$0000000C          0x0800020e   Section        0  libinit2.o(.ARM.Collect$$libinit$$0000000C)
    .ARM.Collect$$libinit$$0000000E          0x0800020e   Section        0  libinit2.o(.ARM.Collect$$libinit$$0000000E)
    .ARM.Collect$$libinit$$00000011          0x0800020e   Section        0  libinit2.o(.ARM.Collect$$libinit$$00000011)
    .ARM.Collect$$libinit$$00000013          0x0800020e   Section        0  libinit2.o(.ARM.Collect$$libinit$$00000013)
    .ARM.Collect$$libinit$$00000015          0x0800020e   Section        0  libinit2.o(.ARM.Collect$$libinit$$00000015)
    .ARM.Collect$$libinit$$00000017          0x0800020e   Section        0  libinit2.o(.ARM.Collect$$libinit$$00000017)
    .ARM.Collect$$libinit$$00000019          0x0800020e   Section        0  libinit2.o(.ARM.Collect$$libinit$$00000019)
    .ARM.Collect$$libinit$$0000001B          0x0800020e   Section        0  libinit2.o(.ARM.Collect$$libinit$$0000001B)
    .ARM.Collect$$libinit$$0000001D          0x0800020e   Section        0  libinit2.o(.ARM.Collect$$libinit$$0000001D)
    .ARM.Collect$$libinit$$0000001F          0x0800020e   Section        0  libinit2.o(.ARM.Collect$$libinit$$0000001F)
    .ARM.Collect$$libinit$$00000021          0x0800020e   Section        0  libinit2.o(.ARM.Collect$$libinit$$00000021)
    .ARM.Collect$$libinit$$00000023          0x0800020e   Section        0  libinit2.o(.ARM.Collect$$libinit$$00000023)
    .ARM.Collect$$libinit$$00000025          0x0800020e   Section        0  libinit2.o(.ARM.Collect$$libinit$$00000025)
    .ARM.Collect$$libinit$$0000002C          0x0800020e   Section        0  libinit2.o(.ARM.Collect$$libinit$$0000002C)
    .ARM.Collect$$libinit$$0000002E          0x0800020e   Section        0  libinit2.o(.ARM.Collect$$libinit$$0000002E)
    .ARM.Collect$$libinit$$00000030          0x0800020e   Section        0  libinit2.o(.ARM.Collect$$libinit$$00000030)
    .ARM.Collect$$libinit$$00000032          0x0800020e   Section        0  libinit2.o(.ARM.Collect$$libinit$$00000032)
    .ARM.Collect$$libinit$$00000033          0x0800020e   Section        2  libinit2.o(.ARM.Collect$$libinit$$00000033)
    .ARM.Collect$$libshutdown$$00000000      0x08000210   Section        2  libshutdown.o(.ARM.Collect$$libshutdown$$00000000)
    .ARM.Collect$$libshutdown$$00000002      0x08000212   Section        0  libshutdown2.o(.ARM.Collect$$libshutdown$$00000002)
    .ARM.Collect$$libshutdown$$00000004      0x08000212   Section        0  libshutdown2.o(.ARM.Collect$$libshutdown$$00000004)
    .ARM.Collect$$libshutdown$$00000007      0x08000212   Section        0  libshutdown2.o(.ARM.Collect$$libshutdown$$00000007)
    .ARM.Collect$$libshutdown$$0000000A      0x08000212   Section        0  libshutdown2.o(.ARM.Collect$$libshutdown$$0000000A)
    .ARM.Collect$$libshutdown$$0000000C      0x08000212   Section        0  libshutdown2.o(.ARM.Collect$$libshutdown$$0000000C)
    .ARM.Collect$$libshutdown$$0000000F      0x08000212   Section        0  libshutdown2.o(.ARM.Collect$$libshutdown$$0000000F)
    .ARM.Collect$$libshutdown$$00000010      0x08000212   Section        2  libshutdown2.o(.ARM.Collect$$libshutdown$$00000010)
    .ARM.Collect$$rtentry$$00000000          0x08000214   Section        0  __rtentry.o(.ARM.Collect$$rtentry$$00000000)
    .ARM.Collect$$rtentry$$00000002          0x08000214   Section        0  __rtentry2.o(.ARM.Collect$$rtentry$$00000002)
    .ARM.Collect$$rtentry$$00000004          0x08000214   Section        6  __rtentry4.o(.ARM.Collect$$rtentry$$00000004)
    .ARM.Collect$$rtentry$$00000009          0x0800021a   Section        0  __rtentry2.o(.ARM.Collect$$rtentry$$00000009)
    .ARM.Collect$$rtentry$$0000000A          0x0800021a   Section        4  __rtentry2.o(.ARM.Collect$$rtentry$$0000000A)
    .ARM.Collect$$rtentry$$0000000C          0x0800021e   Section        0  __rtentry2.o(.ARM.Collect$$rtentry$$0000000C)
    .ARM.Collect$$rtentry$$0000000D          0x0800021e   Section        8  __rtentry2.o(.ARM.Collect$$rtentry$$0000000D)
    .ARM.Collect$$rtexit$$00000000           0x08000226   Section        2  rtexit.o(.ARM.Collect$$rtexit$$00000000)
    .ARM.Collect$$rtexit$$00000002           0x08000228   Section        0  rtexit2.o(.ARM.Collect$$rtexit$$00000002)
    .ARM.Collect$$rtexit$$00000003           0x08000228   Section        4  rtexit2.o(.ARM.Collect$$rtexit$$00000003)
    .ARM.Collect$$rtexit$$00000004           0x0800022c   Section        6  rtexit2.o(.ARM.Collect$$rtexit$$00000004)
    .text                                    0x08000234   Section       72  startup_stm32f401xc.o(.text)
    $v0                                      0x08000234   Number         0  startup_stm32f401xc.o(.text)
    .text                                    0x0800027c   Section        0  strlen.o(.text)
    .text                                    0x080002ba   Section      100  rt_memcpy_w.o(.text)
    .text                                    0x0800031e   Section        0  heapauxi.o(.text)
    .text                                    0x08000324   Section       74  sys_stackheap_outer.o(.text)
    .text                                    0x0800036e   Section        0  exit.o(.text)
    .text                                    0x08000380   Section        8  libspace.o(.text)
    .text                                    0x08000388   Section        0  sys_exit.o(.text)
    .text                                    0x08000394   Section        2  use_no_semi.o(.text)
    .text                                    0x08000396   Section        0  indicate_semi.o(.text)
    i.Arial16Init                            0x08000398   Section        0  fontarial16.o(i.Arial16Init)
    i.Arial24Init                            0x080003c0   Section        0  gontarial24.o(i.Arial24Init)
    i.DMA1_Stream2_IRQHandler                0x080003e8   Section        0  ws2812.o(i.DMA1_Stream2_IRQHandler)
    i.DMA1_Stream7_IRQHandler                0x0800044c   Section        0  hw_dma.o(i.DMA1_Stream7_IRQHandler)
    i.DMA_Fill                               0x08000674   Section        0  hw_dma.o(i.DMA_Fill)
    i.DMA_Print                              0x080006c4   Section        0  hw_dma.o(i.DMA_Print)
    i.RCC_init                               0x0800070c   Section        0  hw_mcu.o(i.RCC_init)
    i.SSD1306FillAll                         0x08000788   Section        0  hw_ssd1306.o(i.SSD1306FillAll)
    i.SSD1306Init                            0x080007c0   Section        0  hw_ssd1306.o(i.SSD1306Init)
    i.SSD1306SendCMD                         0x0800081c   Section        0  hw_ssd1306.o(i.SSD1306SendCMD)
    i.SSD1306SetPixelColor                   0x0800083c   Section        0  hw_ssd1306.o(i.SSD1306SetPixelColor)
    i.SSD1306SetWindow                       0x0800086c   Section        0  hw_ssd1306.o(i.SSD1306SetWindow)
    i.SSD1306_fonts_setup                    0x080008b4   Section        0  hw_ssd1306.o(i.SSD1306_fonts_setup)
    i.SSD1306_get_DMA_task                   0x080008d0   Section        0  hw_dma.o(i.SSD1306_get_DMA_task)
    i.TIM1_TRG_COM_TIM11_IRQHandler          0x0800092c   Section        0  hw_mcu.o(i.TIM1_TRG_COM_TIM11_IRQHandler)
    i.__NVIC_SetPendingIRQ                   0x08000950   Section        0  hw_dma.o(i.__NVIC_SetPendingIRQ)
    __NVIC_SetPendingIRQ                     0x08000951   Thumb Code    22  hw_dma.o(i.__NVIC_SetPendingIRQ)
    i.delay                                  0x0800096c   Section        0  hw_mcu.o(i.delay)
    i.externalDevice_init                    0x0800098e   Section        0  hw_mcu.o(i.externalDevice_init)
    i.i2c1_DMA_init                          0x080009a4   Section        0  hw_dma.o(i.i2c1_DMA_init)
    i.i2c1_init                              0x08000a84   Section        0  hw_i2c.o(i.i2c1_init)
    i.i2c1_reset                             0x08000b20   Section        0  hw_i2c.o(i.i2c1_reset)
    i.i2c1_sendAddress                       0x08000b60   Section        0  hw_i2c.o(i.i2c1_sendAddress)
    i.i2c1_sendByte                          0x08000be0   Section        0  hw_i2c.o(i.i2c1_sendByte)
    i.i2c1_stop                              0x08000c04   Section        0  hw_i2c.o(i.i2c1_stop)
    i.main                                   0x08000c4c   Section        0  main.o(i.main)
    i.millis                                 0x08000cf4   Section        0  hw_mcu.o(i.millis)
    i.periph_init                            0x08000d00   Section        0  hw_mcu.o(i.periph_init)
    i.statusLed_init                         0x08000d0c   Section        0  hw_mcu.o(i.statusLed_init)
    i.system_init                            0x08000d3c   Section        0  hw_mcu.o(i.system_init)
    i.userDelayTimer_init                    0x08000d4c   Section        0  hw_mcu.o(i.userDelayTimer_init)
    i.wait_for_event                         0x08000dac   Section        0  hw_mcu.o(i.wait_for_event)
    i.ws21812SendData                        0x08000df8   Section        0  ws2812.o(i.ws21812SendData)
    i.ws2812_dma_conf                        0x08000e68   Section        0  ws2812.o(i.ws2812_dma_conf)
    i.ws2812_init                            0x08000eec   Section        0  ws2812.o(i.ws2812_init)
    i.ws2812_test                            0x08000f94   Section        0  ws2812.o(i.ws2812_test)
    x$fpl$fpinit                             0x08000ff0   Section       10  fpinit.o(x$fpl$fpinit)
    $v0                                      0x08000ff0   Number         0  fpinit.o(x$fpl$fpinit)
    .constdata                               0x08000ffc   Section     2964  fontarial16.o(.constdata)
    .constdata                               0x08001b90   Section      512  gontarial24.o(.constdata)
    .data                                    0x20000000   Section        7  main.o(.data)
    .data                                    0x20000008   Section       12  hw_ssd1306.o(.data)
    .data                                    0x20000018   Section        8  hw_mcu.o(.data)
    .data                                    0x20000020   Section        5  hw_dma.o(.data)
    .bss                                     0x20000028   Section       12  fontarial16.o(.bss)
    .bss                                     0x20000034   Section       12  gontarial24.o(.bss)
    .bss                                     0x20000040   Section      120  hw_dma.o(.bss)
    .bss                                     0x200000b8   Section      288  ws2812.o(.bss)
    .bss                                     0x200001d8   Section       96  libspace.o(.bss)
    HEAP                                     0x20000238   Section      512  startup_stm32f401xc.o(HEAP)
    Heap_Mem                                 0x20000238   Data         512  startup_stm32f401xc.o(HEAP)
    STACK                                    0x20000438   Section     1024  startup_stm32f401xc.o(STACK)
    Stack_Mem                                0x20000438   Data        1024  startup_stm32f401xc.o(STACK)
    __initial_sp                             0x20000838   Data           0  startup_stm32f401xc.o(STACK)

    Global Symbols

    Symbol Name                              Value     Ov Type        Size  Object(Section)

    BuildAttributes$$THM_ISAv4$E$P$D$K$B$S$7EM$VFPi3$EXTD16$VFPS$VFMA$PE$A:L22UL41UL21$X:L11$S22US41US21$IEEE1$IW$USESV6$~STKCKD$USESV7$~SHL$OSPACE$ROPI$EBA8$UX$STANDARDLIB$REQ8$PRES8$EABIv2 0x00000000   Number         0  anon$$obj.o ABSOLUTE
    __ARM_use_no_argv                        0x00000000   Number         0  main.o ABSOLUTE
    __ARM_exceptions_init                     - Undefined Weak Reference
    __alloca_initialize                       - Undefined Weak Reference
    __arm_preinit_                            - Undefined Weak Reference
    __cpp_initialize__aeabi_                  - Undefined Weak Reference
    __cxa_finalize                            - Undefined Weak Reference
    __rt_locale                               - Undefined Weak Reference
    __sigvec_lookup                           - Undefined Weak Reference
    _atexit_init                              - Undefined Weak Reference
    _call_atexit_fns                          - Undefined Weak Reference
    _clock_init                               - Undefined Weak Reference
    _fp_trap_init                             - Undefined Weak Reference
    _fp_trap_shutdown                         - Undefined Weak Reference
    _get_lc_collate                           - Undefined Weak Reference
    _get_lc_ctype                             - Undefined Weak Reference
    _get_lc_monetary                          - Undefined Weak Reference
    _get_lc_numeric                           - Undefined Weak Reference
    _get_lc_time                              - Undefined Weak Reference
    _getenv_init                              - Undefined Weak Reference
    _handle_redirection                       - Undefined Weak Reference
    _init_alloc                               - Undefined Weak Reference
    _init_user_alloc                          - Undefined Weak Reference
    _initio                                   - Undefined Weak Reference
    _rand_init                                - Undefined Weak Reference
    _signal_finish                            - Undefined Weak Reference
    _signal_init                              - Undefined Weak Reference
    _terminate_alloc                          - Undefined Weak Reference
    _terminate_user_alloc                     - Undefined Weak Reference
    _terminateio                              - Undefined Weak Reference
    __Vectors_Size                           0x00000194   Number         0  startup_stm32f401xc.o ABSOLUTE
    __Vectors                                0x08000000   Data           4  startup_stm32f401xc.o(RESET)
    __Vectors_End                            0x08000194   Data           0  startup_stm32f401xc.o(RESET)
    __main                                   0x08000195   Thumb Code     8  __main.o(!!!main)
    __scatterload                            0x0800019d   Thumb Code     0  __scatter.o(!!!scatter)
    __scatterload_rt2                        0x0800019d   Thumb Code    44  __scatter.o(!!!scatter)
    __scatterload_rt2_thumb_only             0x0800019d   Thumb Code     0  __scatter.o(!!!scatter)
    __scatterload_null                       0x080001ab   Thumb Code     0  __scatter.o(!!!scatter)
    __scatterload_copy                       0x080001d1   Thumb Code    26  __scatter_copy.o(!!handler_copy)
    __scatterload_zeroinit                   0x080001ed   Thumb Code    28  __scatter_zi.o(!!handler_zi)
    __rt_lib_init                            0x08000209   Thumb Code     0  libinit.o(.ARM.Collect$$libinit$$00000000)
    __rt_lib_init_fp_1                       0x0800020b   Thumb Code     0  libinit2.o(.ARM.Collect$$libinit$$00000001)
    __rt_lib_init_alloca_1                   0x0800020f   Thumb Code     0  libinit2.o(.ARM.Collect$$libinit$$0000002E)
    __rt_lib_init_argv_1                     0x0800020f   Thumb Code     0  libinit2.o(.ARM.Collect$$libinit$$0000002C)
    __rt_lib_init_atexit_1                   0x0800020f   Thumb Code     0  libinit2.o(.ARM.Collect$$libinit$$0000001B)
    __rt_lib_init_clock_1                    0x0800020f   Thumb Code     0  libinit2.o(.ARM.Collect$$libinit$$00000021)
    __rt_lib_init_cpp_1                      0x0800020f   Thumb Code     0  libinit2.o(.ARM.Collect$$libinit$$00000032)
    __rt_lib_init_exceptions_1               0x0800020f   Thumb Code     0  libinit2.o(.ARM.Collect$$libinit$$00000030)
    __rt_lib_init_fp_trap_1                  0x0800020f   Thumb Code     0  libinit2.o(.ARM.Collect$$libinit$$0000001F)
    __rt_lib_init_getenv_1                   0x0800020f   Thumb Code     0  libinit2.o(.ARM.Collect$$libinit$$00000023)
    __rt_lib_init_heap_1                     0x0800020f   Thumb Code     0  libinit2.o(.ARM.Collect$$libinit$$0000000A)
    __rt_lib_init_lc_collate_1               0x0800020f   Thumb Code     0  libinit2.o(.ARM.Collect$$libinit$$00000011)
    __rt_lib_init_lc_ctype_1                 0x0800020f   Thumb Code     0  libinit2.o(.ARM.Collect$$libinit$$00000013)
    __rt_lib_init_lc_monetary_1              0x0800020f   Thumb Code     0  libinit2.o(.ARM.Collect$$libinit$$00000015)
    __rt_lib_init_lc_numeric_1               0x0800020f   Thumb Code     0  libinit2.o(.ARM.Collect$$libinit$$00000017)
    __rt_lib_init_lc_time_1                  0x0800020f   Thumb Code     0  libinit2.o(.ARM.Collect$$libinit$$00000019)
    __rt_lib_init_preinit_1                  0x0800020f   Thumb Code     0  libinit2.o(.ARM.Collect$$libinit$$00000004)
    __rt_lib_init_rand_1                     0x0800020f   Thumb Code     0  libinit2.o(.ARM.Collect$$libinit$$0000000E)
    __rt_lib_init_return                     0x0800020f   Thumb Code     0  libinit2.o(.ARM.Collect$$libinit$$00000033)
    __rt_lib_init_signal_1                   0x0800020f   Thumb Code     0  libinit2.o(.ARM.Collect$$libinit$$0000001D)
    __rt_lib_init_stdio_1                    0x0800020f   Thumb Code     0  libinit2.o(.ARM.Collect$$libinit$$00000025)
    __rt_lib_init_user_alloc_1               0x0800020f   Thumb Code     0  libinit2.o(.ARM.Collect$$libinit$$0000000C)
    __rt_lib_shutdown                        0x08000211   Thumb Code     0  libshutdown.o(.ARM.Collect$$libshutdown$$00000000)
    __rt_lib_shutdown_cpp_1                  0x08000213   Thumb Code     0  libshutdown2.o(.ARM.Collect$$libshutdown$$00000002)
    __rt_lib_shutdown_fp_trap_1              0x08000213   Thumb Code     0  libshutdown2.o(.ARM.Collect$$libshutdown$$00000007)
    __rt_lib_shutdown_heap_1                 0x08000213   Thumb Code     0  libshutdown2.o(.ARM.Collect$$libshutdown$$0000000F)
    __rt_lib_shutdown_return                 0x08000213   Thumb Code     0  libshutdown2.o(.ARM.Collect$$libshutdown$$00000010)
    __rt_lib_shutdown_signal_1               0x08000213   Thumb Code     0  libshutdown2.o(.ARM.Collect$$libshutdown$$0000000A)
    __rt_lib_shutdown_stdio_1                0x08000213   Thumb Code     0  libshutdown2.o(.ARM.Collect$$libshutdown$$00000004)
    __rt_lib_shutdown_user_alloc_1           0x08000213   Thumb Code     0  libshutdown2.o(.ARM.Collect$$libshutdown$$0000000C)
    __rt_entry                               0x08000215   Thumb Code     0  __rtentry.o(.ARM.Collect$$rtentry$$00000000)
    __rt_entry_presh_1                       0x08000215   Thumb Code     0  __rtentry2.o(.ARM.Collect$$rtentry$$00000002)
    __rt_entry_sh                            0x08000215   Thumb Code     0  __rtentry4.o(.ARM.Collect$$rtentry$$00000004)
    __rt_entry_li                            0x0800021b   Thumb Code     0  __rtentry2.o(.ARM.Collect$$rtentry$$0000000A)
    __rt_entry_postsh_1                      0x0800021b   Thumb Code     0  __rtentry2.o(.ARM.Collect$$rtentry$$00000009)
    __rt_entry_main                          0x0800021f   Thumb Code     0  __rtentry2.o(.ARM.Collect$$rtentry$$0000000D)
    __rt_entry_postli_1                      0x0800021f   Thumb Code     0  __rtentry2.o(.ARM.Collect$$rtentry$$0000000C)
    __rt_exit                                0x08000227   Thumb Code     0  rtexit.o(.ARM.Collect$$rtexit$$00000000)
    __rt_exit_ls                             0x08000229   Thumb Code     0  rtexit2.o(.ARM.Collect$$rtexit$$00000003)
    __rt_exit_prels_1                        0x08000229   Thumb Code     0  rtexit2.o(.ARM.Collect$$rtexit$$00000002)
    __rt_exit_exit                           0x0800022d   Thumb Code     0  rtexit2.o(.ARM.Collect$$rtexit$$00000004)
    Reset_Handler                            0x08000235   Thumb Code     8  startup_stm32f401xc.o(.text)
    NMI_Handler                              0x0800023d   Thumb Code     2  startup_stm32f401xc.o(.text)
    HardFault_Handler                        0x0800023f   Thumb Code    10  startup_stm32f401xc.o(.text)
    MemManage_Handler                        0x08000249   Thumb Code     2  startup_stm32f401xc.o(.text)
    BusFault_Handler                         0x0800024b   Thumb Code     2  startup_stm32f401xc.o(.text)
    UsageFault_Handler                       0x0800024d   Thumb Code     2  startup_stm32f401xc.o(.text)
    SVC_Handler                              0x0800024f   Thumb Code     2  startup_stm32f401xc.o(.text)
    DebugMon_Handler                         0x08000251   Thumb Code     2  startup_stm32f401xc.o(.text)
    PendSV_Handler                           0x08000253   Thumb Code     2  startup_stm32f401xc.o(.text)
    SysTick_Handler                          0x08000255   Thumb Code     2  startup_stm32f401xc.o(.text)
    ADC_IRQHandler                           0x08000257   Thumb Code     0  startup_stm32f401xc.o(.text)
    DMA1_Stream0_IRQHandler                  0x08000257   Thumb Code     0  startup_stm32f401xc.o(.text)
    DMA1_Stream1_IRQHandler                  0x08000257   Thumb Code     0  startup_stm32f401xc.o(.text)
    DMA1_Stream3_IRQHandler                  0x08000257   Thumb Code     0  startup_stm32f401xc.o(.text)
    DMA1_Stream4_IRQHandler                  0x08000257   Thumb Code     0  startup_stm32f401xc.o(.text)
    DMA1_Stream5_IRQHandler                  0x08000257   Thumb Code     0  startup_stm32f401xc.o(.text)
    DMA1_Stream6_IRQHandler                  0x08000257   Thumb Code     0  startup_stm32f401xc.o(.text)
    DMA2_Stream0_IRQHandler                  0x08000257   Thumb Code     0  startup_stm32f401xc.o(.text)
    DMA2_Stream1_IRQHandler                  0x08000257   Thumb Code     0  startup_stm32f401xc.o(.text)
    DMA2_Stream2_IRQHandler                  0x08000257   Thumb Code     0  startup_stm32f401xc.o(.text)
    DMA2_Stream3_IRQHandler                  0x08000257   Thumb Code     0  startup_stm32f401xc.o(.text)
    DMA2_Stream4_IRQHandler                  0x08000257   Thumb Code     0  startup_stm32f401xc.o(.text)
    DMA2_Stream5_IRQHandler                  0x08000257   Thumb Code     0  startup_stm32f401xc.o(.text)
    DMA2_Stream6_IRQHandler                  0x08000257   Thumb Code     0  startup_stm32f401xc.o(.text)
    DMA2_Stream7_IRQHandler                  0x08000257   Thumb Code     0  startup_stm32f401xc.o(.text)
    EXTI0_IRQHandler                         0x08000257   Thumb Code     0  startup_stm32f401xc.o(.text)
    EXTI15_10_IRQHandler                     0x08000257   Thumb Code     0  startup_stm32f401xc.o(.text)
    EXTI1_IRQHandler                         0x08000257   Thumb Code     0  startup_stm32f401xc.o(.text)
    EXTI2_IRQHandler                         0x08000257   Thumb Code     0  startup_stm32f401xc.o(.text)
    EXTI3_IRQHandler                         0x08000257   Thumb Code     0  startup_stm32f401xc.o(.text)
    EXTI4_IRQHandler                         0x08000257   Thumb Code     0  startup_stm32f401xc.o(.text)
    EXTI9_5_IRQHandler                       0x08000257   Thumb Code     0  startup_stm32f401xc.o(.text)
    FLASH_IRQHandler                         0x08000257   Thumb Code     0  startup_stm32f401xc.o(.text)
    FPU_IRQHandler                           0x08000257   Thumb Code     0  startup_stm32f401xc.o(.text)
    I2C1_ER_IRQHandler                       0x08000257   Thumb Code     0  startup_stm32f401xc.o(.text)
    I2C1_EV_IRQHandler                       0x08000257   Thumb Code     0  startup_stm32f401xc.o(.text)
    I2C2_ER_IRQHandler                       0x08000257   Thumb Code     0  startup_stm32f401xc.o(.text)
    I2C2_EV_IRQHandler                       0x08000257   Thumb Code     0  startup_stm32f401xc.o(.text)
    I2C3_ER_IRQHandler                       0x08000257   Thumb Code     0  startup_stm32f401xc.o(.text)
    I2C3_EV_IRQHandler                       0x08000257   Thumb Code     0  startup_stm32f401xc.o(.text)
    OTG_FS_IRQHandler                        0x08000257   Thumb Code     0  startup_stm32f401xc.o(.text)
    OTG_FS_WKUP_IRQHandler                   0x08000257   Thumb Code     0  startup_stm32f401xc.o(.text)
    PVD_IRQHandler                           0x08000257   Thumb Code     0  startup_stm32f401xc.o(.text)
    RCC_IRQHandler                           0x08000257   Thumb Code     0  startup_stm32f401xc.o(.text)
    RTC_Alarm_IRQHandler                     0x08000257   Thumb Code     0  startup_stm32f401xc.o(.text)
    RTC_WKUP_IRQHandler                      0x08000257   Thumb Code     0  startup_stm32f401xc.o(.text)
    SDIO_IRQHandler                          0x08000257   Thumb Code     0  startup_stm32f401xc.o(.text)
    SPI1_IRQHandler                          0x08000257   Thumb Code     0  startup_stm32f401xc.o(.text)
    SPI2_IRQHandler                          0x08000257   Thumb Code     0  startup_stm32f401xc.o(.text)
    SPI3_IRQHandler                          0x08000257   Thumb Code     0  startup_stm32f401xc.o(.text)
    SPI4_IRQHandler                          0x08000257   Thumb Code     0  startup_stm32f401xc.o(.text)
    TAMP_STAMP_IRQHandler                    0x08000257   Thumb Code     0  startup_stm32f401xc.o(.text)
    TIM1_BRK_TIM9_IRQHandler                 0x08000257   Thumb Code     0  startup_stm32f401xc.o(.text)
    TIM1_CC_IRQHandler                       0x08000257   Thumb Code     0  startup_stm32f401xc.o(.text)
    TIM1_UP_TIM10_IRQHandler                 0x08000257   Thumb Code     0  startup_stm32f401xc.o(.text)
    TIM2_IRQHandler                          0x08000257   Thumb Code     0  startup_stm32f401xc.o(.text)
    TIM3_IRQHandler                          0x08000257   Thumb Code     0  startup_stm32f401xc.o(.text)
    TIM4_IRQHandler                          0x08000257   Thumb Code     0  startup_stm32f401xc.o(.text)
    TIM5_IRQHandler                          0x08000257   Thumb Code     0  startup_stm32f401xc.o(.text)
    USART1_IRQHandler                        0x08000257   Thumb Code     0  startup_stm32f401xc.o(.text)
    USART2_IRQHandler                        0x08000257   Thumb Code     0  startup_stm32f401xc.o(.text)
    USART6_IRQHandler                        0x08000257   Thumb Code     0  startup_stm32f401xc.o(.text)
    WWDG_IRQHandler                          0x08000257   Thumb Code     0  startup_stm32f401xc.o(.text)
    __user_initial_stackheap                 0x08000259   Thumb Code     0  startup_stm32f401xc.o(.text)
    strlen                                   0x0800027d   Thumb Code    62  strlen.o(.text)
    __aeabi_memcpy4                          0x080002bb   Thumb Code     0  rt_memcpy_w.o(.text)
    __aeabi_memcpy8                          0x080002bb   Thumb Code     0  rt_memcpy_w.o(.text)
    __rt_memcpy_w                            0x080002bb   Thumb Code   100  rt_memcpy_w.o(.text)
    _memcpy_lastbytes_aligned                0x08000303   Thumb Code     0  rt_memcpy_w.o(.text)
    __use_two_region_memory                  0x0800031f   Thumb Code     2  heapauxi.o(.text)
    __rt_heap_escrow$2region                 0x08000321   Thumb Code     2  heapauxi.o(.text)
    __rt_heap_expand$2region                 0x08000323   Thumb Code     2  heapauxi.o(.text)
    __user_setup_stackheap                   0x08000325   Thumb Code    74  sys_stackheap_outer.o(.text)
    exit                                     0x0800036f   Thumb Code    18  exit.o(.text)
    __user_libspace                          0x08000381   Thumb Code     8  libspace.o(.text)
    __user_perproc_libspace                  0x08000381   Thumb Code     0  libspace.o(.text)
    __user_perthread_libspace                0x08000381   Thumb Code     0  libspace.o(.text)
    _sys_exit                                0x08000389   Thumb Code     8  sys_exit.o(.text)
    __I$use$semihosting                      0x08000395   Thumb Code     0  use_no_semi.o(.text)
    __use_no_semihosting_swi                 0x08000395   Thumb Code     2  use_no_semi.o(.text)
    __semihosting_library_function           0x08000397   Thumb Code     0  indicate_semi.o(.text)
    Arial16Init                              0x08000399   Thumb Code    26  fontarial16.o(i.Arial16Init)
    Arial24Init                              0x080003c1   Thumb Code    26  gontarial24.o(i.Arial24Init)
    DMA1_Stream2_IRQHandler                  0x080003e9   Thumb Code    86  ws2812.o(i.DMA1_Stream2_IRQHandler)
    DMA1_Stream7_IRQHandler                  0x0800044d   Thumb Code   534  hw_dma.o(i.DMA1_Stream7_IRQHandler)
    DMA_Fill                                 0x08000675   Thumb Code    76  hw_dma.o(i.DMA_Fill)
    DMA_Print                                0x080006c5   Thumb Code    68  hw_dma.o(i.DMA_Print)
    RCC_init                                 0x0800070d   Thumb Code   112  hw_mcu.o(i.RCC_init)
    SSD1306FillAll                           0x08000789   Thumb Code    56  hw_ssd1306.o(i.SSD1306FillAll)
    SSD1306Init                              0x080007c1   Thumb Code    58  hw_ssd1306.o(i.SSD1306Init)
    SSD1306SendCMD                           0x0800081d   Thumb Code    32  hw_ssd1306.o(i.SSD1306SendCMD)
    SSD1306SetPixelColor                     0x0800083d   Thumb Code    46  hw_ssd1306.o(i.SSD1306SetPixelColor)
    SSD1306SetWindow                         0x0800086d   Thumb Code    62  hw_ssd1306.o(i.SSD1306SetWindow)
    SSD1306_fonts_setup                      0x080008b5   Thumb Code    20  hw_ssd1306.o(i.SSD1306_fonts_setup)
    SSD1306_get_DMA_task                     0x080008d1   Thumb Code    84  hw_dma.o(i.SSD1306_get_DMA_task)
    TIM1_TRG_COM_TIM11_IRQHandler            0x0800092d   Thumb Code    26  hw_mcu.o(i.TIM1_TRG_COM_TIM11_IRQHandler)
    delay                                    0x0800096d   Thumb Code    34  hw_mcu.o(i.delay)
    externalDevice_init                      0x0800098f   Thumb Code    20  hw_mcu.o(i.externalDevice_init)
    i2c1_DMA_init                            0x080009a5   Thumb Code   188  hw_dma.o(i.i2c1_DMA_init)
    i2c1_init                                0x08000a85   Thumb Code   142  hw_i2c.o(i.i2c1_init)
    i2c1_reset                               0x08000b21   Thumb Code    60  hw_i2c.o(i.i2c1_reset)
    i2c1_sendAddress                         0x08000b61   Thumb Code   122  hw_i2c.o(i.i2c1_sendAddress)
    i2c1_sendByte                            0x08000be1   Thumb Code    32  hw_i2c.o(i.i2c1_sendByte)
    i2c1_stop                                0x08000c05   Thumb Code    66  hw_i2c.o(i.i2c1_stop)
    main                                     0x08000c4d   Thumb Code   132  main.o(i.main)
    millis                                   0x08000cf5   Thumb Code     6  hw_mcu.o(i.millis)
    periph_init                              0x08000d01   Thumb Code    12  hw_mcu.o(i.periph_init)
    statusLed_init                           0x08000d0d   Thumb Code    38  hw_mcu.o(i.statusLed_init)
    system_init                              0x08000d3d   Thumb Code    16  hw_mcu.o(i.system_init)
    userDelayTimer_init                      0x08000d4d   Thumb Code    84  hw_mcu.o(i.userDelayTimer_init)
    wait_for_event                           0x08000dad   Thumb Code    74  hw_mcu.o(i.wait_for_event)
    ws21812SendData                          0x08000df9   Thumb Code   106  ws2812.o(i.ws21812SendData)
    ws2812_dma_conf                          0x08000e69   Thumb Code   108  ws2812.o(i.ws2812_dma_conf)
    ws2812_init                              0x08000eed   Thumb Code   154  ws2812.o(i.ws2812_init)
    ws2812_test                              0x08000f95   Thumb Code    82  ws2812.o(i.ws2812_test)
    _fp_init                                 0x08000ff1   Thumb Code    10  fpinit.o(x$fpl$fpinit)
    __fplib_config_fpu_vfp                   0x08000ff9   Thumb Code     0  fpinit.o(x$fpl$fpinit)
    __fplib_config_pureend_doubles           0x08000ff9   Thumb Code     0  fpinit.o(x$fpl$fpinit)
    bitmapsArial16                           0x08000ffc   Data        2586  fontarial16.o(.constdata)
    descriptors16                            0x08001a18   Data         376  fontarial16.o(.constdata)
    bitmapsArial24                           0x08001b90   Data         462  gontarial24.o(.constdata)
    descriptors24                            0x08001d60   Data          48  gontarial24.o(.constdata)
    Region$$Table$$Base                      0x08001d90   Number         0  anon$$obj.o(Region$$Table)
    Region$$Table$$Limit                     0x08001db0   Number         0  anon$$obj.o(Region$$Table)
    CPU_FREQ                                 0x20000000   Data           4  main.o(.data)
    WHITE                                    0x20000004   Data           1  main.o(.data)
    xPos                                     0x20000005   Data           1  main.o(.data)
    yPos                                     0x20000006   Data           1  main.o(.data)
    font_arial16                             0x20000008   Data           4  hw_ssd1306.o(.data)
    font_arial24                             0x2000000c   Data           4  hw_ssd1306.o(.data)
    currentX                                 0x20000010   Data           1  hw_ssd1306.o(.data)
    currentY                                 0x20000011   Data           1  hw_ssd1306.o(.data)
    t0                                       0x20000012   Data           1  hw_ssd1306.o(.data)
    t255                                     0x20000013   Data           1  hw_ssd1306.o(.data)
    timeAfterReset                           0x20000018   Data           8  hw_mcu.o(.data)
    currentXPosition                         0x20000020   Data           1  hw_dma.o(.data)
    currentYPosition                         0x20000021   Data           1  hw_dma.o(.data)
    BLACK_COLOR                              0x20000022   Data           1  hw_dma.o(.data)
    currentTaskN                             0x20000023   Data           1  hw_dma.o(.data)
    i2c_dma_operation                        0x20000024   Data           1  hw_dma.o(.data)
    Arial16                                  0x20000028   Data          12  fontarial16.o(.bss)
    Arial24                                  0x20000034   Data          12  gontarial24.o(.bss)
    task_query                               0x20000040   Data         120  hw_dma.o(.bss)
    test_mass                                0x200000b8   Data         240  ws2812.o(.bss)
    all_fill                                 0x200001a8   Data          24  ws2812.o(.bss)
    all_blanc                                0x200001c0   Data          24  ws2812.o(.bss)
    __libspace_start                         0x200001d8   Data          96  libspace.o(.bss)
    __temporary_stack_top$libspace           0x20000238   Data           0  libspace.o(.bss)



==============================================================================

Memory Map of the image

  Image Entry point : 0x08000235

  Load Region LR_1 (Base: 0x08000000, Size: 0x00001dd8, Max: 0xffffffff, ABSOLUTE)

    Execution Region ER_RO (Exec base: 0x08000000, Load base: 0x08000000, Size: 0x00001db0, Max: 0xffffffff, ABSOLUTE)

    Exec Addr    Load Addr    Size         Type   Attr      Idx    E Section Name        Object

    0x08000000   0x08000000   0x00000194   Data   RO          441    RESET               startup_stm32f401xc.o
    0x08000194   0x08000194   0x00000008   Code   RO          491  * !!!main             c_w.l(__main.o)
    0x0800019c   0x0800019c   0x00000034   Code   RO          648    !!!scatter          c_w.l(__scatter.o)
    0x080001d0   0x080001d0   0x0000001a   Code   RO          650    !!handler_copy      c_w.l(__scatter_copy.o)
    0x080001ea   0x080001ea   0x00000002   PAD
    0x080001ec   0x080001ec   0x0000001c   Code   RO          652    !!handler_zi        c_w.l(__scatter_zi.o)
    0x08000208   0x08000208   0x00000002   Code   RO          518    .ARM.Collect$$libinit$$00000000  c_w.l(libinit.o)
    0x0800020a   0x0800020a   0x00000004   Code   RO          524    .ARM.Collect$$libinit$$00000001  c_w.l(libinit2.o)
    0x0800020e   0x0800020e   0x00000000   Code   RO          527    .ARM.Collect$$libinit$$00000004  c_w.l(libinit2.o)
    0x0800020e   0x0800020e   0x00000000   Code   RO          530    .ARM.Collect$$libinit$$0000000A  c_w.l(libinit2.o)
    0x0800020e   0x0800020e   0x00000000   Code   RO          532    .ARM.Collect$$libinit$$0000000C  c_w.l(libinit2.o)
    0x0800020e   0x0800020e   0x00000000   Code   RO          534    .ARM.Collect$$libinit$$0000000E  c_w.l(libinit2.o)
    0x0800020e   0x0800020e   0x00000000   Code   RO          537    .ARM.Collect$$libinit$$00000011  c_w.l(libinit2.o)
    0x0800020e   0x0800020e   0x00000000   Code   RO          539    .ARM.Collect$$libinit$$00000013  c_w.l(libinit2.o)
    0x0800020e   0x0800020e   0x00000000   Code   RO          541    .ARM.Collect$$libinit$$00000015  c_w.l(libinit2.o)
    0x0800020e   0x0800020e   0x00000000   Code   RO          543    .ARM.Collect$$libinit$$00000017  c_w.l(libinit2.o)
    0x0800020e   0x0800020e   0x00000000   Code   RO          545    .ARM.Collect$$libinit$$00000019  c_w.l(libinit2.o)
    0x0800020e   0x0800020e   0x00000000   Code   RO          547    .ARM.Collect$$libinit$$0000001B  c_w.l(libinit2.o)
    0x0800020e   0x0800020e   0x00000000   Code   RO          549    .ARM.Collect$$libinit$$0000001D  c_w.l(libinit2.o)
    0x0800020e   0x0800020e   0x00000000   Code   RO          551    .ARM.Collect$$libinit$$0000001F  c_w.l(libinit2.o)
    0x0800020e   0x0800020e   0x00000000   Code   RO          553    .ARM.Collect$$libinit$$00000021  c_w.l(libinit2.o)
    0x0800020e   0x0800020e   0x00000000   Code   RO          555    .ARM.Collect$$libinit$$00000023  c_w.l(libinit2.o)
    0x0800020e   0x0800020e   0x00000000   Code   RO          557    .ARM.Collect$$libinit$$00000025  c_w.l(libinit2.o)
    0x0800020e   0x0800020e   0x00000000   Code   RO          561    .ARM.Collect$$libinit$$0000002C  c_w.l(libinit2.o)
    0x0800020e   0x0800020e   0x00000000   Code   RO          563    .ARM.Collect$$libinit$$0000002E  c_w.l(libinit2.o)
    0x0800020e   0x0800020e   0x00000000   Code   RO          565    .ARM.Collect$$libinit$$00000030  c_w.l(libinit2.o)
    0x0800020e   0x0800020e   0x00000000   Code   RO          567    .ARM.Collect$$libinit$$00000032  c_w.l(libinit2.o)
    0x0800020e   0x0800020e   0x00000002   Code   RO          568    .ARM.Collect$$libinit$$00000033  c_w.l(libinit2.o)
    0x08000210   0x08000210   0x00000002   Code   RO          588    .ARM.Collect$$libshutdown$$00000000  c_w.l(libshutdown.o)
    0x08000212   0x08000212   0x00000000   Code   RO          601    .ARM.Collect$$libshutdown$$00000002  c_w.l(libshutdown2.o)
    0x08000212   0x08000212   0x00000000   Code   RO          603    .ARM.Collect$$libshutdown$$00000004  c_w.l(libshutdown2.o)
    0x08000212   0x08000212   0x00000000   Code   RO          606    .ARM.Collect$$libshutdown$$00000007  c_w.l(libshutdown2.o)
    0x08000212   0x08000212   0x00000000   Code   RO          609    .ARM.Collect$$libshutdown$$0000000A  c_w.l(libshutdown2.o)
    0x08000212   0x08000212   0x00000000   Code   RO          611    .ARM.Collect$$libshutdown$$0000000C  c_w.l(libshutdown2.o)
    0x08000212   0x08000212   0x00000000   Code   RO          614    .ARM.Collect$$libshutdown$$0000000F  c_w.l(libshutdown2.o)
    0x08000212   0x08000212   0x00000002   Code   RO          615    .ARM.Collect$$libshutdown$$00000010  c_w.l(libshutdown2.o)
    0x08000214   0x08000214   0x00000000   Code   RO          493    .ARM.Collect$$rtentry$$00000000  c_w.l(__rtentry.o)
    0x08000214   0x08000214   0x00000000   Code   RO          495    .ARM.Collect$$rtentry$$00000002  c_w.l(__rtentry2.o)
    0x08000214   0x08000214   0x00000006   Code   RO          507    .ARM.Collect$$rtentry$$00000004  c_w.l(__rtentry4.o)
    0x0800021a   0x0800021a   0x00000000   Code   RO          497    .ARM.Collect$$rtentry$$00000009  c_w.l(__rtentry2.o)
    0x0800021a   0x0800021a   0x00000004   Code   RO          498    .ARM.Collect$$rtentry$$0000000A  c_w.l(__rtentry2.o)
    0x0800021e   0x0800021e   0x00000000   Code   RO          500    .ARM.Collect$$rtentry$$0000000C  c_w.l(__rtentry2.o)
    0x0800021e   0x0800021e   0x00000008   Code   RO          501    .ARM.Collect$$rtentry$$0000000D  c_w.l(__rtentry2.o)
    0x08000226   0x08000226   0x00000002   Code   RO          522    .ARM.Collect$$rtexit$$00000000  c_w.l(rtexit.o)
    0x08000228   0x08000228   0x00000000   Code   RO          570    .ARM.Collect$$rtexit$$00000002  c_w.l(rtexit2.o)
    0x08000228   0x08000228   0x00000004   Code   RO          571    .ARM.Collect$$rtexit$$00000003  c_w.l(rtexit2.o)
    0x0800022c   0x0800022c   0x00000006   Code   RO          572    .ARM.Collect$$rtexit$$00000004  c_w.l(rtexit2.o)
    0x08000232   0x08000232   0x00000002   PAD
    0x08000234   0x08000234   0x00000048   Code   RO          442  * .text               startup_stm32f401xc.o
    0x0800027c   0x0800027c   0x0000003e   Code   RO          485    .text               c_w.l(strlen.o)
    0x080002ba   0x080002ba   0x00000064   Code   RO          487    .text               c_w.l(rt_memcpy_w.o)
    0x0800031e   0x0800031e   0x00000006   Code   RO          489    .text               c_w.l(heapauxi.o)
    0x08000324   0x08000324   0x0000004a   Code   RO          509    .text               c_w.l(sys_stackheap_outer.o)
    0x0800036e   0x0800036e   0x00000012   Code   RO          511    .text               c_w.l(exit.o)
    0x08000380   0x08000380   0x00000008   Code   RO          519    .text               c_w.l(libspace.o)
    0x08000388   0x08000388   0x0000000c   Code   RO          580    .text               c_w.l(sys_exit.o)
    0x08000394   0x08000394   0x00000002   Code   RO          591    .text               c_w.l(use_no_semi.o)
    0x08000396   0x08000396   0x00000000   Code   RO          593    .text               c_w.l(indicate_semi.o)
    0x08000396   0x08000396   0x00000002   PAD
    0x08000398   0x08000398   0x00000028   Code   RO          289    i.Arial16Init       fontarial16.o
    0x080003c0   0x080003c0   0x00000028   Code   RO          305    i.Arial24Init       gontarial24.o
    0x080003e8   0x080003e8   0x00000064   Code   RO          389    i.DMA1_Stream2_IRQHandler  ws2812.o
    0x0800044c   0x0800044c   0x00000228   Code   RO          324    i.DMA1_Stream7_IRQHandler  hw_dma.o
    0x08000674   0x08000674   0x00000050   Code   RO          325    i.DMA_Fill          hw_dma.o
    0x080006c4   0x080006c4   0x00000048   Code   RO          326    i.DMA_Print         hw_dma.o
    0x0800070c   0x0800070c   0x0000007c   Code   RO          189    i.RCC_init          hw_mcu.o
    0x08000788   0x08000788   0x00000038   Code   RO          118    i.SSD1306FillAll    hw_ssd1306.o
    0x080007c0   0x080007c0   0x0000005c   Code   RO          119    i.SSD1306Init       hw_ssd1306.o
    0x0800081c   0x0800081c   0x00000020   Code   RO          121    i.SSD1306SendCMD    hw_ssd1306.o
    0x0800083c   0x0800083c   0x0000002e   Code   RO          122    i.SSD1306SetPixelColor  hw_ssd1306.o
    0x0800086a   0x0800086a   0x00000002   PAD
    0x0800086c   0x0800086c   0x00000048   Code   RO          123    i.SSD1306SetWindow  hw_ssd1306.o
    0x080008b4   0x080008b4   0x0000001c   Code   RO          124    i.SSD1306_fonts_setup  hw_ssd1306.o
    0x080008d0   0x080008d0   0x0000005c   Code   RO          327    i.SSD1306_get_DMA_task  hw_dma.o
    0x0800092c   0x0800092c   0x00000024   Code   RO          190    i.TIM1_TRG_COM_TIM11_IRQHandler  hw_mcu.o
    0x08000950   0x08000950   0x0000001c   Code   RO          328    i.__NVIC_SetPendingIRQ  hw_dma.o
    0x0800096c   0x0800096c   0x00000022   Code   RO          191    i.delay             hw_mcu.o
    0x0800098e   0x0800098e   0x00000014   Code   RO          192    i.externalDevice_init  hw_mcu.o
    0x080009a2   0x080009a2   0x00000002   PAD
    0x080009a4   0x080009a4   0x000000e0   Code   RO          329    i.i2c1_DMA_init     hw_dma.o
    0x08000a84   0x08000a84   0x0000009c   Code   RO           69    i.i2c1_init         hw_i2c.o
    0x08000b20   0x08000b20   0x00000040   Code   RO           70    i.i2c1_reset        hw_i2c.o
    0x08000b60   0x08000b60   0x00000080   Code   RO           71    i.i2c1_sendAddress  hw_i2c.o
    0x08000be0   0x08000be0   0x00000024   Code   RO           72    i.i2c1_sendByte     hw_i2c.o
    0x08000c04   0x08000c04   0x00000048   Code   RO           73    i.i2c1_stop         hw_i2c.o
    0x08000c4c   0x08000c4c   0x000000a8   Code   RO            4    i.main              main.o
    0x08000cf4   0x08000cf4   0x0000000c   Code   RO          193    i.millis            hw_mcu.o
    0x08000d00   0x08000d00   0x0000000c   Code   RO          194    i.periph_init       hw_mcu.o
    0x08000d0c   0x08000d0c   0x00000030   Code   RO          195    i.statusLed_init    hw_mcu.o
    0x08000d3c   0x08000d3c   0x00000010   Code   RO          196    i.system_init       hw_mcu.o
    0x08000d4c   0x08000d4c   0x00000060   Code   RO          197    i.userDelayTimer_init  hw_mcu.o
    0x08000dac   0x08000dac   0x0000004a   Code   RO          198    i.wait_for_event    hw_mcu.o
    0x08000df6   0x08000df6   0x00000002   PAD
    0x08000df8   0x08000df8   0x00000070   Code   RO          390    i.ws21812SendData   ws2812.o
    0x08000e68   0x08000e68   0x00000084   Code   RO          391    i.ws2812_dma_conf   ws2812.o
    0x08000eec   0x08000eec   0x000000a8   Code   RO          392    i.ws2812_init       ws2812.o
    0x08000f94   0x08000f94   0x0000005c   Code   RO          393    i.ws2812_test       ws2812.o
    0x08000ff0   0x08000ff0   0x0000000a   Code   RO          578    x$fpl$fpinit        fz_wm.l(fpinit.o)
    0x08000ffa   0x08000ffa   0x00000002   PAD
    0x08000ffc   0x08000ffc   0x00000b94   Data   RO          291    .constdata          fontarial16.o
    0x08001b90   0x08001b90   0x00000200   Data   RO          307    .constdata          gontarial24.o
    0x08001d90   0x08001d90   0x00000020   Data   RO          646    Region$$Table       anon$$obj.o


    Execution Region ER_RW (Exec base: 0x20000000, Load base: 0x08001db0, Size: 0x00000028, Max: 0xffffffff, ABSOLUTE)

    Exec Addr    Load Addr    Size         Type   Attr      Idx    E Section Name        Object

    0x20000000   0x08001db0   0x00000007   Data   RW            5    .data               main.o
    0x20000007   0x08001db7   0x00000001   PAD
    0x20000008   0x08001db8   0x0000000c   Data   RW          125    .data               hw_ssd1306.o
    0x20000014   0x08001dc4   0x00000004   PAD
    0x20000018   0x08001dc8   0x00000008   Data   RW          199    .data               hw_mcu.o
    0x20000020   0x08001dd0   0x00000005   Data   RW          331    .data               hw_dma.o


    Execution Region ER_ZI (Exec base: 0x20000028, Load base: 0x08001dd8, Size: 0x00000810, Max: 0xffffffff, ABSOLUTE)

    Exec Addr    Load Addr    Size         Type   Attr      Idx    E Section Name        Object

    0x20000028        -       0x0000000c   Zero   RW          290    .bss                fontarial16.o
    0x20000034        -       0x0000000c   Zero   RW          306    .bss                gontarial24.o
    0x20000040        -       0x00000078   Zero   RW          330    .bss                hw_dma.o
    0x200000b8        -       0x00000120   Zero   RW          394    .bss                ws2812.o
    0x200001d8        -       0x00000060   Zero   RW          520    .bss                c_w.l(libspace.o)
    0x20000238        -       0x00000200   Zero   RW          440    HEAP                startup_stm32f401xc.o
    0x20000438        -       0x00000400   Zero   RW          439    STACK               startup_stm32f401xc.o


==============================================================================

Image component sizes


      Code (inc. data)   RO Data    RW Data    ZI Data      Debug   Object Name

        40         14       2964          0         12        993   fontarial16.o
        40         14        512          0         12        993   gontarial24.o
      1048         76          0          5        120      34981   hw_dma.o
       456         34          0          0          0       2652   hw_i2c.o
       472         50          0          8          0      34982   hw_mcu.o
       326         52          0         12          0       4998   hw_ssd1306.o
       168         36          0          7          0     306978   main.o
        72         26        404          0       1536        852   startup_stm32f401xc.o
       604         68          0          0        288       3501   ws2812.o

    ----------------------------------------------------------------------
      3232        370       3912         40       1968     390930   Object Totals
         0          0         32          0          0          0   (incl. Generated)
         6          0          0          8          0          0   (incl. Padding)

    ----------------------------------------------------------------------

      Code (inc. data)   RO Data    RW Data    ZI Data      Debug   Library Member Name

         8          0          0          0          0         68   __main.o
         0          0          0          0          0          0   __rtentry.o
        12          0          0          0          0          0   __rtentry2.o
         6          0          0          0          0          0   __rtentry4.o
        52          8          0          0          0          0   __scatter.o
        26          0          0          0          0          0   __scatter_copy.o
        28          0          0          0          0          0   __scatter_zi.o
        18          0          0          0          0         80   exit.o
         6          0          0          0          0        152   heapauxi.o
         0          0          0          0          0          0   indicate_semi.o
         2          0          0          0          0          0   libinit.o
         6          0          0          0          0          0   libinit2.o
         2          0          0          0          0          0   libshutdown.o
         2          0          0          0          0          0   libshutdown2.o
         8          4          0          0         96         68   libspace.o
       100          0          0          0          0         80   rt_memcpy_w.o
         2          0          0          0          0          0   rtexit.o
        10          0          0          0          0          0   rtexit2.o
        62          0          0          0          0         76   strlen.o
        12          4          0          0          0         68   sys_exit.o
        74          0          0          0          0         80   sys_stackheap_outer.o
         2          0          0          0          0         68   use_no_semi.o
        10          0          0          0          0        116   fpinit.o

    ----------------------------------------------------------------------
       456         16          0          0         96        856   Library Totals
         8          0          0          0          0          0   (incl. Padding)

    ----------------------------------------------------------------------

      Code (inc. data)   RO Data    RW Data    ZI Data      Debug   Library Name

       438         16          0          0         96        740   c_w.l
        10          0          0          0          0        116   fz_wm.l

    ----------------------------------------------------------------------
       456         16          0          0         96        856   Library Totals

    ----------------------------------------------------------------------

==============================================================================


      Code (inc. data)   RO Data    RW Data    ZI Data      Debug   

      3688        386       3912         40       2064     388426   Grand Totals
      3688        386       3912         40       2064     388426   ELF Image Totals
      3688        386       3912         40          0          0   ROM Totals

==============================================================================

    Total RO  Size (Code + RO Data)                 7600 (   7.42kB)
    Total RW  Size (RW Data + ZI Data)              2104 (   2.05kB)
    Total ROM Size (Code + RO Data + RW Data)       7640 (   7.46kB)

==============================================================================

